python : Traceback (most 
recent call last):
En línea: 1 Carácter: 30
+ ... ripts\Activate.ps1; 
python test_order.py > 
error_log.txt 2>&1; Get-Co 
...
+                         ~~
~~~~~~~~~~~~~~~~~~~~~~~~~~~~
~~~~~~~~~~~
    + CategoryInfo          
    : NotSpecified: (Trace  
  back (most recent call    
 last)::String) [], Remo    
teException
    + FullyQualifiedErrorId 
    : NativeCommandError
 
  File "C:\Users\josem\Deskt
op\proyecto2\backend\venv\Li
b\site-packages\sqlalchemy\e
ngine\base.py", line 1967, 
in _exec_single_context
    self.dialect.do_execute(
    ~~~~~~~~~~~~~~~~~~~~~~~^
        cursor, 
str_statement, 
effective_parameters, 
context
        ^^^^^^^^^^^^^^^^^^^^
^^^^^^^^^^^^^^^^^^^^^^^^^^^^
^^^^
    )
    ^
  File "C:\Users\josem\Deskt
op\proyecto2\backend\venv\Li
b\site-packages\sqlalchemy\e
ngine\default.py", line 
952, in do_execute
    
cursor.execute(statement, 
parameters)
    ~~~~~~~~~~~~~~^^^^^^^^^^
^^^^^^^^^^^^^
psycopg2.errors.UndefinedCol
umn: column 
pagos.referencia does not 
exist
LINE 1: ...cha_pago, 
pagos.metodo_pago AS 
pagos_metodo_pago, 
pagos.refe...
                            
                            
     ^


The above exception was the 
direct cause of the 
following exception:

Traceback (most recent call 
last):
  File "C:\Users\josem\Deskt
op\proyecto2\backend\test_or
der.py", line 14, in 
<module>
    d = orden.to_dict()
  File "C:\Users\josem\Deskt
op\proyecto2\backend\app\mod
els.py", line 235, in 
to_dict
    'pagos': [p.to_dict() 
for p in self.pagos],
                            
       ^^^^^^^^^^
  File "C:\Users\josem\Deskt
op\proyecto2\backend\venv\Li
b\site-packages\sqlalchemy\o
rm\attributes.py", line 
569, in __get__
    return 
self.impl.get(state, dict_) 
 # type: 
ignore[no-any-return]
           
~~~~~~~~~~~~~^^^^^^^^^^^^^^
  File "C:\Users\josem\Deskt
op\proyecto2\backend\venv\Li
b\site-packages\sqlalchemy\o
rm\attributes.py", line 
1096, in get
    value = self._fire_loade
r_callables(state, key, 
passive)
  File "C:\Users\josem\Deskt
op\proyecto2\backend\venv\Li
b\site-packages\sqlalchemy\o
rm\attributes.py", line 
1131, in 
_fire_loader_callables
    return 
self.callable_(state, 
passive)
           ~~~~~~~~~~~~~~^^^
^^^^^^^^^^^^^
  File "C:\Users\josem\Deskt
op\proyecto2\backend\venv\Li
b\site-packages\sqlalchemy\o
rm\strategies.py", line 
978, in _load_for_state
    return 
self._emit_lazyload(
           
~~~~~~~~~~~~~~~~~~~^
        session,
        ^^^^^^^^
    ...<7 lines>...
        execution_options,
        ^^^^^^^^^^^^^^^^^^
    )
    ^
  File "C:\Users\josem\Deskt
op\proyecto2\backend\venv\Li
b\site-packages\sqlalchemy\o
rm\strategies.py", line 
1141, in _emit_lazyload
    result = 
session.execute(
        stmt, params, execut
ion_options=execution_option
s
    )
  File "C:\Users\josem\Deskt
op\proyecto2\backend\venv\Li
b\site-packages\sqlalchemy\o
rm\session.py", line 2351, 
in execute
    return 
self._execute_internal(
           
~~~~~~~~~~~~~~~~~~~~~~^
        statement,
        ^^^^^^^^^^
    ...<4 lines>...
        
_add_event=_add_event,
        
^^^^^^^^^^^^^^^^^^^^^^
    )
    ^
  File "C:\Users\josem\Deskt
op\proyecto2\backend\venv\Li
b\site-packages\sqlalchemy\o
rm\session.py", line 2249, 
in _execute_internal
    result: Result[Any] = co
mpile_state_cls.orm_execute_
statement(
                          ~~
~~~~~~~~~~~~~~~~~~~~~~~~~~~~
~~~~~~~~~^
        self,
        ^^^^^
    ...<4 lines>...
        conn,
        ^^^^^
    )
    ^
  File "C:\Users\josem\Deskt
op\proyecto2\backend\venv\Li
b\site-packages\sqlalchemy\o
rm\context.py", line 306, 
in orm_execute_statement
    result = conn.execute(
        statement, params 
or {}, execution_options=exe
cution_options
    )
  File "C:\Users\josem\Deskt
op\proyecto2\backend\venv\Li
b\site-packages\sqlalchemy\e
ngine\base.py", line 1419, 
in execute
    return meth(
        self,
        
distilled_parameters,
        execution_options 
or NO_OPTIONS,
    )
  File "C:\Users\josem\Deskt
op\proyecto2\backend\venv\Li
b\site-packages\sqlalchemy\s
ql\elements.py", line 527, 
in _execute_on_connection
    return connection._execu
te_clauseelement(
           ~~~~~~~~~~~~~~~~~
~~~~~~~~~~~~~~~~^
        self, 
distilled_params, 
execution_options
        ^^^^^^^^^^^^^^^^^^^^
^^^^^^^^^^^^^^^^^^^^^
    )
    ^
  File "C:\Users\josem\Deskt
op\proyecto2\backend\venv\Li
b\site-packages\sqlalchemy\e
ngine\base.py", line 1641, 
in _execute_clauseelement
    ret = 
self._execute_context(
        dialect,
    ...<8 lines>...
        cache_hit=cache_hit,
    )
  File "C:\Users\josem\Deskt
op\proyecto2\backend\venv\Li
b\site-packages\sqlalchemy\e
ngine\base.py", line 1846, 
in _execute_context
    return 
self._exec_single_context(
           
~~~~~~~~~~~~~~~~~~~~~~~~~^
        dialect, context, 
statement, parameters
        ^^^^^^^^^^^^^^^^^^^^
^^^^^^^^^^^^^^^^^^^
    )
    ^
  File "C:\Users\josem\Deskt
op\proyecto2\backend\venv\Li
b\site-packages\sqlalchemy\e
ngine\base.py", line 1986, 
in _exec_single_context
    self._handle_dbapi_excep
tion(
    ~~~~~~~~~~~~~~~~~~~~~~~~
~~~~^
        e, str_statement, 
effective_parameters, 
cursor, context
        ^^^^^^^^^^^^^^^^^^^^
^^^^^^^^^^^^^^^^^^^^^^^^^^^^
^^^^^^^
    )
Orden ID: 16
Intentando to_dict()...

===== ERROR COMPLETO =====
Tipo: ProgrammingError
Mensaje: (psycopg2.errors.UndefinedColumn) column pagos.referencia does not exist
LINE 1: ...cha_pago, pagos.metodo_pago AS pagos_metodo_pago, pagos.refe...
                                                             ^

[SQL: SELECT pagos.id AS pagos_id, pagos.orden_id AS pagos_orden_id, pagos.monto AS pagos_monto, pagos.fecha_pago AS pagos_fecha_pago, pagos.metodo_pago AS pagos_metodo_pago, pagos.referencia AS pagos_referencia, pagos.activo AS pagos_activo 
FROM pagos 
WHERE %(param_1)s = pagos.orden_id]
[parameters: {'param_1': 16}]
(Background on this error at: https://sqlalche.me/e/20/f405)

===== TRACEBACK =====
    ^
  File "C:\Users\josem\Deskt
op\proyecto2\backend\venv\Li
b\site-packages\sqlalchemy\e
ngine\base.py", line 2363, 
in _handle_dbapi_exception
    raise sqlalchemy_excepti
on.with_traceback(exc_info[2
]) from e
  File "C:\Users\josem\Deskt
op\proyecto2\backend\venv\Li
b\site-packages\sqlalchemy\e
ngine\base.py", line 1967, 
in _exec_single_context
    self.dialect.do_execute(
    ~~~~~~~~~~~~~~~~~~~~~~~^
        cursor, 
str_statement, 
effective_parameters, 
context
        ^^^^^^^^^^^^^^^^^^^^
^^^^^^^^^^^^^^^^^^^^^^^^^^^^
^^^^
    )
    ^
  File "C:\Users\josem\Deskt
op\proyecto2\backend\venv\Li
b\site-packages\sqlalchemy\e
ngine\default.py", line 
952, in do_execute
    
cursor.execute(statement, 
parameters)
    ~~~~~~~~~~~~~~^^^^^^^^^^
^^^^^^^^^^^^^
sqlalchemy.exc.ProgrammingEr
ror: (psycopg2.errors.Undefi
nedColumn) column 
pagos.referencia does not 
exist
LINE 1: ...cha_pago, 
pagos.metodo_pago AS 
pagos_metodo_pago, 
pagos.refe...
                            
                            
     ^

[SQL: SELECT pagos.id AS 
pagos_id, pagos.orden_id AS 
pagos_orden_id, pagos.monto 
AS pagos_monto, 
pagos.fecha_pago AS 
pagos_fecha_pago, 
pagos.metodo_pago AS 
pagos_metodo_pago, 
pagos.referencia AS 
pagos_referencia, 
pagos.activo AS 
pagos_activo 
FROM pagos 
WHERE %(param_1)s = 
pagos.orden_id]
[parameters: {'param_1': 
16}]
(Background on this error 
at: https://sqlalche.me/e/20
/f405)
